[root@localhost gdb]# gdb ./main <---- Load the program
GNU gdb (Red Hat Enterprise Linux) 16.3-2.el9
Copyright (C) 2024 Free Software Foundation, Inc.
License GPLv3+: GNU GPL version 3 or later <http://gnu.org/licenses/gpl.html>
This is free software: you are free to change and redistribute it.
There is NO WARRANTY, to the extent permitted by law.
Type "show copying" and "show warranty" for details.
This GDB was configured as "aarch64-redhat-linux-gnu".
Type "show configuration" for configuration details.
For bug reporting instructions, please see:
<https://www.gnu.org/software/gdb/bugs/>.
Find the GDB manual and other documentation resources online at:
    <http://www.gnu.org/software/gdb/documentation/>.

For help, type "help".
Type "apropos word" to search for commands related to "word"...
Reading symbols from ./main...
(gdb) set args 5 4  <--------- Set the Arguments
(gdb) run <-------- Run the program
Starting program: /root/gdb/main 5 4 
[Thread debugging using libthread_db enabled]
Using host libthread_db library "/lib64/libthread_db.so.1".
Value of First Number is 5Result=9
[Inferior 1 (process 3450) exited normally]
Missing rpms, try: dnf --enablerepo='*debug*' install glibc-debuginfo-2.34-231.el9_7.2.aarch64
(gdb) show args <--- Show the arguments
Argument list to give program being debugged when it is started is "5 4 ".
(gdb) break main <----------- Create the breakpoint
Breakpoint 1 at 0x4006d4: file main.c, line 6.
(gdb) info breakpoints <------------- Get the information about the brakpoint
Num     Type           Disp Enb Address            What
1       breakpoint     keep y   0x00000000004006d4 in main at main.c:6
(gdb) run
Starting program: /root/gdb/main 5 4 
[Thread debugging using libthread_db enabled]
Using host libthread_db library "/lib64/libthread_db.so.1".

Breakpoint 1, main (argc=3, argv=0xffffffffeea8) at main.c:6
6		int numberOne = atoi(argv[1]);
(gdb) list <------- Unsertand the position of the code
1	#include <stdio.h>
2	#include <stdlib.h>
3	
4	int main(int argc, char *argv[]){
5	
6		int numberOne = atoi(argv[1]);
7		int numberTwo = atoi(argv[2]);
8	
9		if (numberOne == 5){
10			printf("Value of First Number is %d",numberOne);
(gdb) list main <---------- Show the source code around the current Line
1	#include <stdio.h>
2	#include <stdlib.h>
3	
4	int main(int argc, char *argv[]){
5	
6		int numberOne = atoi(argv[1]);
7		int numberTwo = atoi(argv[2]);
8	
9		if (numberOne == 5){
10			printf("Value of First Number is %d",numberOne);
(gdb) next <-------- Step Line By Line
7		int numberTwo = atoi(argv[2]);
(gdb) next
9		if (numberOne == 5){
(gdb) next 
10			printf("Value of First Number is %d",numberOne);
(gdb) next
12		int result = numberOne+numberTwo;
(gdb) next
14		printf("Result=%d\n",result);
(gdb) step
Value of First Number is 5Result=9
16		return 0;
(gdb) print argc <----- Print the argument counter
$1 = 3
(gdb) print argv <--------- Print argumebnt address
$2 = (char **) 0xffffffffeea8
(gdb) print numberOne <-------- Print the value of the first Variable
$3 = 5
(gdb) print numberTwo <--------- Print the value of the second Variable
$4 = 4
(gdb) continue <--------- Continue the program excution
Continuing.
[Inferior 1 (process 3454) exited normally]
(gdb) infor breakpoints
Undefined command: "infor".  Try "help".
(gdb) info breakpoints
Num     Type           Disp Enb Address            What
1       breakpoint     keep y   0x00000000004006d4 in main at main.c:6
	breakpoint already hit 1 time
(gdb) delete 1 <---------- Delete the breakpoint
(gdb) quit

